../Drivers/STM32F4xx_HAL_Driver/Inc/stm32f4xx_ll_i2c.h:371:22:LL_I2C_Enable	16	static
../Drivers/STM32F4xx_HAL_Driver/Inc/stm32f4xx_ll_i2c.h:1236:26:LL_I2C_IsActiveFlag_TXE	16	static
../Drivers/STM32F4xx_HAL_Driver/Inc/stm32f4xx_ll_i2c.h:1249:26:LL_I2C_IsActiveFlag_BTF	16	static
../Drivers/STM32F4xx_HAL_Driver/Inc/stm32f4xx_ll_i2c.h:1262:26:LL_I2C_IsActiveFlag_RXNE	16	static
../Drivers/STM32F4xx_HAL_Driver/Inc/stm32f4xx_ll_i2c.h:1275:26:LL_I2C_IsActiveFlag_SB	16	static
../Drivers/STM32F4xx_HAL_Driver/Inc/stm32f4xx_ll_i2c.h:1288:26:LL_I2C_IsActiveFlag_ADDR	16	static
../Drivers/STM32F4xx_HAL_Driver/Inc/stm32f4xx_ll_i2c.h:1503:22:LL_I2C_ClearFlag_ADDR	24	static
../Drivers/STM32F4xx_HAL_Driver/Inc/stm32f4xx_ll_i2c.h:1661:22:LL_I2C_AcknowledgeNextData	16	static
../Drivers/STM32F4xx_HAL_Driver/Inc/stm32f4xx_ll_i2c.h:1674:22:LL_I2C_GenerateStartCondition	16	static
../Drivers/STM32F4xx_HAL_Driver/Inc/stm32f4xx_ll_i2c.h:1685:22:LL_I2C_GenerateStopCondition	16	static
../Drivers/STM32F4xx_HAL_Driver/Inc/stm32f4xx_ll_i2c.h:1835:25:LL_I2C_ReceiveData8	16	static
../Drivers/STM32F4xx_HAL_Driver/Inc/stm32f4xx_ll_i2c.h:1847:22:LL_I2C_TransmitData8	16	static
../Core/Src/MPU6050.c:18:6:MPU6050_Init	8	static
../Core/Src/MPU6050.c:40:6:MPU6050_Calibration	160	static
../Core/Src/MPU6050.c:75:6:MPU6050_TransmitData	16	static
../Core/Src/MPU6050.c:97:15:MPU6050_ReceiveData	24	static
../Core/Src/MPU6050.c:127:6:MPU6050_GetAccel	16	static
../Core/Src/MPU6050.c:137:6:MPU6050_GetGyro	16	static
../Core/Src/MPU6050.c:147:6:MPU6050_GetRoll_Acc	16	static
../Core/Src/MPU6050.c:152:6:MPU6050_GetPitch_Acc	16	static
../Core/Src/MPU6050.c:157:6:MPU6050_GetRoll_Gyr	8	static
../Core/Src/MPU6050.c:161:6:MPU6050_GetPitch_Gyr	8	static
../Core/Src/MPU6050.c:165:6:MPU6050_getRoll_Filtered	8	static
../Core/Src/MPU6050.c:169:6:MPU6050_getPitch_Filtered	8	static
../Core/Src/MPU6050.c:173:6:getDeltaTime	4	static
../Core/Src/MPU6050.c:180:8:complementaryFilter_double	32	static
