../Drivers/STM32F4xx_HAL_Driver/Inc/stm32f4xx_ll_spi.h:297:22:LL_SPI_Enable	16	static
../Drivers/STM32F4xx_HAL_Driver/Inc/stm32f4xx_ll_spi.h:731:26:LL_SPI_IsActiveFlag_RXNE	16	static
../Drivers/STM32F4xx_HAL_Driver/Inc/stm32f4xx_ll_spi.h:742:26:LL_SPI_IsActiveFlag_TXE	16	static
../Drivers/STM32F4xx_HAL_Driver/Inc/stm32f4xx_ll_spi.h:793:26:LL_SPI_IsActiveFlag_BSY	16	static
../Drivers/STM32F4xx_HAL_Driver/Inc/stm32f4xx_ll_spi.h:1075:25:LL_SPI_ReceiveData8	16	static
../Drivers/STM32F4xx_HAL_Driver/Inc/stm32f4xx_ll_spi.h:1098:22:LL_SPI_TransmitData8	24	static
../Drivers/STM32F4xx_HAL_Driver/Inc/stm32f4xx_ll_gpio.h:881:22:LL_GPIO_SetOutputPin	16	static
../Drivers/STM32F4xx_HAL_Driver/Inc/stm32f4xx_ll_gpio.h:910:22:LL_GPIO_ResetOutputPin	16	static
../Core/Src/MPU9250.c:19:6:MPU9250_Init	8	static
../Core/Src/MPU9250.c:51:6:MPU9250_Calibration	160	static
../Core/Src/MPU9250.c:88:6:MPU9250_TransmitData	16	static
../Core/Src/MPU9250.c:127:15:MPU9250_ReceiveData	24	static
../Core/Src/MPU9250.c:186:6:MPU9250_GetAccel	16	static
../Core/Src/MPU9250.c:196:6:MPU9250_GetGyro	16	static
../Core/Src/MPU9250.c:206:6:MPU9250_GetRoll_Acc	16	static
../Core/Src/MPU9250.c:210:6:MPU9250_GetPitch_Acc	16	static
../Core/Src/MPU9250.c:214:6:MPU9250_GetRoll_Gyr	8	static
../Core/Src/MPU9250.c:218:6:MPU9250_GetPitch_Gyr	8	static
../Core/Src/MPU9250.c:222:6:MPU9250_getRoll_Filtered	8	static
../Core/Src/MPU9250.c:226:6:MPU9250_getPitch_Filtered	8	static
../Core/Src/MPU9250.c:230:6:getDeltaTime	4	static
../Core/Src/MPU9250.c:237:8:complementaryFilter_double	32	static
